// Jest Snapshot v1, https://goo.gl/fbAQLP

exports[`Button Component Renders button 1`] = `
<button
  className="btn  "
  onClick={[Function]}
  type="submit"
>
  Save
</button>
`;
